Hierarchy;Name (location);Samples;Calls;Time/Call;%Time
+-;Summary;0;;;0.0
  +-;func_a;0;2;0ns;0.0
  | +-;children;0;2;0ns;0.0
  | | +-;func_f (foox.c:29);0;2;0ns;0.0
  | +-;parents;0;2;0ns;0.0
  |   +-;func_b (foox.c:53);0;1;0ns;0.0
  |   +-;main (foox.c:62);0;1;0ns;0.0
  +-;func_b;0;1;0ns;0.0
  | +-;children;0;1;0ns;0.0
  | | +-;func_a (foox.c:36);0;1;0ns;0.0
  | +-;parents;0;1;0ns;0.0
  |   +-;main (foox.c:64);0;1;0ns;0.0
  +-;func_f;0;2;0ns;0.0
  | +-;parents;0;2;0ns;0.0
  |   +-;func_a (foox.c:41);0;2;0ns;0.0
  +-;main;0;0;;0.0
    +-;children;0;2;0ns;0.0
      +-;func_a (foox.c:36);0;1;0ns;0.0
      +-;func_b (foox.c:50);0;1;0ns;0.0
