!*** changelog
plugin@org.eclipse.linuxtools.changelog.core=SVN,,http://dev.eclipse.org/svnroot/technology,,org.eclipse.linuxtools/changelog/trunk/org.eclipse.linuxtools.changelog.core
fragment@org.eclipse.linuxtools.changelog.cparser=SVN,,http://dev.eclipse.org/svnroot/technology,,org.eclipse.linuxtools/changelog/trunk/org.eclipse.linuxtools.changelog.cparser
plugin@org.eclipse.linuxtools.changelog.doc=SVN,,http://dev.eclipse.org/svnroot/technology,,org.eclipse.linuxtools/changelog/trunk/org.eclipse.linuxtools.changelog.doc
fragment@org.eclipse.linuxtools.changelog.parsers.java=SVN,,http://dev.eclipse.org/svnroot/technology,,org.eclipse.linuxtools/changelog/trunk/org.eclipse.linuxtools.changelog.javaparser

!*** rpm
plugin@org.eclipse.linuxtools.rpm.rpmlint=SVN,,http://dev.eclipse.org/svnroot/technology,,org.eclipse.linuxtools/rpm/trunk/org.eclipse.linuxtools.rpm.rpmlint
plugin@org.eclipse.linuxtools.rpm.ui.editor=SVN,,http://dev.eclipse.org/svnroot/technology,,org.eclipse.linuxtools/rpm/trunk/org.eclipse.linuxtools.rpm.ui.editor
plugin@org.eclipse.linuxtools.rpm.ui.editor.tests=SVN,,http://dev.eclipse.org/svnroot/technology,,org.eclipse.linuxtools/rpm/trunk/org.eclipse.linuxtools.rpm.ui.editor.tests

!*** autotools
plugin@org.eclipse.linuxtools.cdt.autotools=SVN,,http://dev.eclipse.org/svnroot/technology,,org.eclipse.linuxtools/autotools/trunk/org.eclipse.linuxtools.cdt.autotools
plugin@org.eclipse.linuxtools.cdt.autotools_docs=SVN,,http://dev.eclipse.org/svnroot/technology,,org.eclipse.linuxtools/autotools/trunk/org.eclipse.linuxtools.cdt.autotools-docs
plugin@org.eclipse.linuxtools.cdt.autotools.tests=SVN,,http://dev.eclipse.org/svnroot/technology,,org.eclipse.linuxtools/autotools/trunk/org.eclipse.linuxtools.cdt.autotools.tests

!*** libhover
plugin@org.eclipse.linuxtools.cdt.libhover=SVN,,http://dev.eclipse.org/svnroot/technology,,org.eclipse.linuxtools/libhover/trunk/org.eclipse.linuxtools.cdt.libhover
plugin@org.eclipse.linuxtools.cdt.libhover.glibc=SVN,,http://dev.eclipse.org/svnroot/technology,,org.eclipse.linuxtools/libhover/trunk/org.eclipse.linuxtools.cdt.libhover.glibc
plugin@org.eclipse.linuxtools.cdt.libhover.library_docs=SVN,,http://dev.eclipse.org/svnroot/technology,,org.eclipse.linuxtools/libhover/trunk/org.eclipse.linuxtools.cdt.libhover.library-docs

!*** systemtap
plugin@org.eclipse.linuxtools.systemtap.ui.editor=SVN,,http://dev.eclipse.org/svnroot/technology,,org.eclipse.linuxtools/systemtap/trunk/org.eclipse.linuxtools.systemtap.ui.editor

feature@org.eclipse.linuxtools.all=SVN,,http://dev.eclipse.org/svnroot/technology,,org.eclipse.linuxtools/releng/trunk/org.eclipse.linuxtools.all
feature@org.eclipse.linuxtools.changelog=SVN,,http://dev.eclipse.org/svnroot/technology,,org.eclipse.linuxtools/changelog/trunk/org.eclipse.linuxtools.changelog-feature
feature@org.eclipse.linuxtools.rpm.ui.editor=SVN,,http://dev.eclipse.org/svnroot/technology,,org.eclipse.linuxtools/rpm/trunk/org.eclipse.linuxtools.rpm.ui.editor-feature
feature@org.eclipse.linuxtools.cdt.autotools.feature=SVN,,http://dev.eclipse.org/svnroot/technology,,org.eclipse.linuxtools/autotools/trunk/org.eclipse.linuxtools.cdt.autotools.feature
feature@org.eclipse.linuxtools.cdt.libhover.feature=SVN,,http://dev.eclipse.org/svnroot/technology,,org.eclipse.linuxtools/libhover/trunk/org.eclipse.linuxtools.cdt.libhover.feature
feature@org.eclipse.linuxtools.systemtap.feature=SVN,,http://dev.eclipse.org/svnroot/technology,,org.eclipse.linuxtools/systemtap/trunk/org.eclipse.linuxtools.systemtap.feature
feature@org.eclipse.linuxtools.tests=SVN,,http://dev.eclipse.org/svnroot/technology,,org.eclipse.linuxtools/releng/trunk/org.eclipse.linuxtools.tests

!*** used for tests
plugin@org.eclipse.test=v20080313,:pserver:anonymous@dev.eclipse.org:/cvsroot/eclipse,
fragment@org.eclipse.ant.optional.junit=v20070202,:pserver:anonymous@dev.eclipse.org:/cvsroot/eclipse,