!*** changelog
plugin@org.eclipse.linuxtools.changelog.core=SVN,,http://dev.eclipse.org/svnroot/technology,,org.eclipse.linuxtools/changelog/trunk/org.eclipse.linuxtools.changelog.core
fragment@org.eclipse.linuxtools.changelog.cparser=SVN,,http://dev.eclipse.org/svnroot/technology,,org.eclipse.linuxtools/changelog/trunk/org.eclipse.linuxtools.changelog.cparser
plugin@org.eclipse.linuxtools.changelog.doc=SVN,,http://dev.eclipse.org/svnroot/technology,,org.eclipse.linuxtools/changelog/trunk/org.eclipse.linuxtools.changelog.doc
fragment@org.eclipse.linuxtools.changelog.parsers.java=SVN,,http://dev.eclipse.org/svnroot/technology,,org.eclipse.linuxtools/changelog/trunk/org.eclipse.linuxtools.changelog.javaparser
feature@org.eclipse.linuxtools.changelog=SVN,,http://dev.eclipse.org/svnroot/technology,,org.eclipse.linuxtools/changelog/trunk/org.eclipse.linuxtools.changelog-feature

!*** rpm
plugin@org.eclipse.linuxtools.rpm.rpmlint=SVN,,http://dev.eclipse.org/svnroot/technology,,org.eclipse.linuxtools/rpm/trunk/org.eclipse.linuxtools.rpm.rpmlint
plugin@org.eclipse.linuxtools.rpm.ui.editor=SVN,,http://dev.eclipse.org/svnroot/technology,,org.eclipse.linuxtools/rpm/trunk/org.eclipse.linuxtools.rpm.ui.editor
plugin@org.eclipse.linuxtools.rpm.ui.editor.doc=SVN,,http://dev.eclipse.org/svnroot/technology,,org.eclipse.linuxtools/rpm/trunk/org.eclipse.linuxtools.rpm.ui.editor.doc
plugin@org.eclipse.linuxtools.rpm.ui.editor.tests=SVN,,http://dev.eclipse.org/svnroot/technology,,org.eclipse.linuxtools/rpm/trunk/org.eclipse.linuxtools.rpm.ui.editor.tests
feature@org.eclipse.linuxtools.rpm.ui.editor=SVN,,http://dev.eclipse.org/svnroot/technology,,org.eclipse.linuxtools/rpm/trunk/org.eclipse.linuxtools.rpm.ui.editor-feature

!*** rpmstubby
plugin@org.eclipse.linuxtools.rpmstubby=SVN,,http://dev.eclipse.org/svnroot/technology,,org.eclipse.linuxtools/rpmstubby/trunk/org.eclipse.linuxtools.rpmstubby
feature@org.eclipse.linuxtools.rpmstubby=SVN,,http://dev.eclipse.org/svnroot/technology,,org.eclipse.linuxtools/rpmstubby/trunk/org.eclipse.linuxtools.rpmstubby-feature

!*** autotools
plugin@org.eclipse.linuxtools.cdt.autotools=SVN,,http://dev.eclipse.org/svnroot/technology,,org.eclipse.linuxtools/autotools/trunk/org.eclipse.linuxtools.cdt.autotools
plugin@org.eclipse.linuxtools.cdt.autotools_docs=SVN,,http://dev.eclipse.org/svnroot/technology,,org.eclipse.linuxtools/autotools/trunk/org.eclipse.linuxtools.cdt.autotools-docs
plugin@org.eclipse.linuxtools.cdt.autotools.tests=SVN,,http://dev.eclipse.org/svnroot/technology,,org.eclipse.linuxtools/autotools/trunk/org.eclipse.linuxtools.cdt.autotools.tests
feature@org.eclipse.linuxtools.cdt.autotools.feature=SVN,,http://dev.eclipse.org/svnroot/technology,,org.eclipse.linuxtools/autotools/trunk/org.eclipse.linuxtools.cdt.autotools.feature

!*** gprof
plugin@org.eclipse.linuxtools.binutils=SVN,,http://dev.eclipse.org/svnroot/technology,,org.eclipse.linuxtools/gprof/trunk/org.eclipse.linuxtools.binutils
plugin@org.eclipse.linuxtools.dataviewers=SVN,,http://dev.eclipse.org/svnroot/technology,,org.eclipse.linuxtools/gprof/trunk/org.eclipse.linuxtools.dataviewers
plugin@org.eclipse.linuxtools.gprof=SVN,,http://dev.eclipse.org/svnroot/technology,,org.eclipse.linuxtools/gprof/trunk/org.eclipse.linuxtools.gprof
plugin@org.eclipse.linuxtools.gprof.test=SVN,,http://dev.eclipse.org/svnroot/technology,,org.eclipse.linuxtools/gprof/trunk/org.eclipse.linuxtools.gprof.test

!*** libhover
plugin@org.eclipse.linuxtools.cdt.libhover=SVN,,http://dev.eclipse.org/svnroot/technology,,org.eclipse.linuxtools/libhover/trunk/org.eclipse.linuxtools.cdt.libhover
plugin@org.eclipse.linuxtools.cdt.libhover.glibc=SVN,,http://dev.eclipse.org/svnroot/technology,,org.eclipse.linuxtools/libhover/trunk/org.eclipse.linuxtools.cdt.libhover.glibc
plugin@org.eclipse.linuxtools.cdt.libhover.newlib=SVN,,http://dev.eclipse.org/svnroot/technology,,org.eclipse.linuxtools/libhover/trunk/org.eclipse.linuxtools.cdt.libhover.newlib
plugin@org.eclipse.linuxtools.cdt.libhover.library_docs=SVN,,http://dev.eclipse.org/svnroot/technology,,org.eclipse.linuxtools/libhover/trunk/org.eclipse.linuxtools.cdt.libhover.library-docs
plugin@org.eclipse.linuxtools.cdt.libhover.libstdcxx=SVN,,http://dev.eclipse.org/svnroot/technology,,org.eclipse.linuxtools/libhover/trunk/org.eclipse.linuxtools.cdt.libhover.libstdcxx
feature@org.eclipse.linuxtools.cdt.libhover.feature=SVN,,http://dev.eclipse.org/svnroot/technology,,org.eclipse.linuxtools/libhover/trunk/org.eclipse.linuxtools.cdt.libhover.feature
feature@org.eclipse.linuxtools.cdt.libhover.newlib.feature=SVN,,http://dev.eclipse.org/svnroot/technology,,org.eclipse.linuxtools/libhover/trunk/org.eclipse.linuxtools.cdt.libhover.newlib.feature

!*** systemtap
plugin@org.eclipse.linuxtools.systemtap.ui.editor=SVN,,http://dev.eclipse.org/svnroot/technology,,org.eclipse.linuxtools/systemtap/trunk/org.eclipse.linuxtools.systemtap.ui.editor
feature@org.eclipse.linuxtools.systemtap.feature=SVN,,http://dev.eclipse.org/svnroot/technology,,org.eclipse.linuxtools/systemtap/trunk/org.eclipse.linuxtools.systemtap.feature

!*** systemtapgui
plugin@org.eclipse.linuxtools.systemtapgui.consolelog=SVN,,http://dev.eclipse.org/svnroot/technology,,org.eclipse.linuxtools/systemtap/trunk/org.eclipse.linuxtools.systemtapgui.consolelog
plugin@org.eclipse.linuxtools.systemtapgui.editor=SVN,,http://dev.eclipse.org/svnroot/technology,,org.eclipse.linuxtools/systemtap/trunk/org.eclipse.linuxtools.systemtapgui.editor
feature@org.eclipse.linuxtools.systemtapgui.feature=SVN,,http://dev.eclipse.org/svnroot/technology,,org.eclipse.linuxtools/systemtap/trunk/org.eclipse.linuxtools.systemtapgui.feature
plugin@org.eclipse.linuxtools.systemtapgui.graphing=SVN,,http://dev.eclipse.org/svnroot/technology,,org.eclipse.linuxtools/systemtap/trunk/org.eclipse.linuxtools.systemtapgui.graphing
plugin@org.eclipse.linuxtools.systemtapgui.graphingapi.nonui=SVN,,http://dev.eclipse.org/svnroot/technology,,org.eclipse.linuxtools/systemtap/trunk/org.eclipse.linuxtools.systemtapgui.graphingapi.nonui
plugin@org.eclipse.linuxtools.systemtapgui.graphingapi.ui=SVN,,http://dev.eclipse.org/svnroot/technology,,org.eclipse.linuxtools/systemtap/trunk/org.eclipse.linuxtools.systemtapgui.graphingapi.ui
plugin@org.eclipse.linuxtools.systemtapgui.ide=SVN,,http://dev.eclipse.org/svnroot/technology,,org.eclipse.linuxtools/systemtap/trunk/org.eclipse.linuxtools.systemtapgui.ide
plugin@org.eclipse.linuxtools.systemtapgui.logging=SVN,,http://dev.eclipse.org/svnroot/technology,,org.eclipse.linuxtools/systemtap/trunk/org.eclipse.linuxtools.systemtapgui.logging
plugin@org.eclipse.linuxtools.systemtapgui.structures=SVN,,http://dev.eclipse.org/svnroot/technology,,org.eclipse.linuxtools/systemtap/trunk/org.eclipse.linuxtools.systemtapgui.structures
plugin@org.eclipse.linuxtools.systemtapgui.systemtapgui=SVN,,http://dev.eclipse.org/svnroot/technology,,org.eclipse.linuxtools/systemtap/trunk/org.eclipse.linuxtools.systemtapgui.systemtapgui

!*** profiling framework
plugin@org.eclipse.linuxtools.profiling.launch=SVN,,http://dev.eclipse.org/svnroot/technology,,org.eclipse.linuxtools/profiling/trunk/org.eclipse.linuxtools.profiling.launch
plugin@org.eclipse.linuxtools.profiling.tests=SVN,,http://dev.eclipse.org/svnroot/technology,,org.eclipse.linuxtools/profiling/trunk/org.eclipse.linuxtools.profiling.tests
plugin@org.eclipse.linuxtools.profiling.ui=SVN,,http://dev.eclipse.org/svnroot/technology,,org.eclipse.linuxtools/profiling/trunk/org.eclipse.linuxtools.profiling.ui
feature@org.eclipse.linuxtools.profiling=SVN,,http://dev.eclipse.org/svnroot/technology,,org.eclipse.linuxtools/profiling/trunk/org.eclipse.linuxtools.profiling-feature
feature@org.eclipse.linuxtools.profiling.test=SVN,,http://dev.eclipse.org/svnroot/technology,,org.eclipse.linuxtools/profiling/trunk/org.eclipse.linuxtools.profiling.test-feature

!*** oprofile
plugin@org.eclipse.linuxtools.oprofile.core=SVN,,http://dev.eclipse.org/svnroot/technology,,org.eclipse.linuxtools/oprofile/trunk/org.eclipse.linuxtools.oprofile.core
plugin@org.eclipse.linuxtools.oprofile.core.tests=SVN,,http://dev.eclipse.org/svnroot/technology,,org.eclipse.linuxtools/oprofile/trunk/org.eclipse.linuxtools.oprofile.core.tests
fragment@org.eclipse.linuxtools.oprofile.core.linux.ppc=SVN,,http://dev.eclipse.org/svnroot/technology,,org.eclipse.linuxtools/oprofile/trunk/org.eclipse.linuxtools.oprofile.core.linux.ppc
fragment@org.eclipse.linuxtools.oprofile.core.linux.x86=SVN,,http://dev.eclipse.org/svnroot/technology,,org.eclipse.linuxtools/oprofile/trunk/org.eclipse.linuxtools.oprofile.core.linux.x86
fragment@org.eclipse.linuxtools.oprofile.core.linux.x86_64=SVN,,http://dev.eclipse.org/svnroot/technology,,org.eclipse.linuxtools/oprofile/trunk/org.eclipse.linuxtools.oprofile.core.linux.x86_64
plugin@org.eclipse.linuxtools.oprofile.launch=SVN,,http://dev.eclipse.org/svnroot/technology,,org.eclipse.linuxtools/oprofile/trunk/org.eclipse.linuxtools.oprofile.launch
plugin@org.eclipse.linuxtools.oprofile.launch.tests=SVN,,http://dev.eclipse.org/svnroot/technology,,org.eclipse.linuxtools/oprofile/trunk/org.eclipse.linuxtools.oprofile.launch.tests
plugin@org.eclipse.linuxtools.oprofile.tests=SVN,,http://dev.eclipse.org/svnroot/technology,,org.eclipse.linuxtools/oprofile/trunk/org.eclipse.linuxtools.oprofile.tests
plugin@org.eclipse.linuxtools.oprofile.ui=SVN,,http://dev.eclipse.org/svnroot/technology,,org.eclipse.linuxtools/oprofile/trunk/org.eclipse.linuxtools.oprofile.ui
plugin@org.eclipse.linuxtools.oprofile.ui.tests=SVN,,http://dev.eclipse.org/svnroot/technology,,org.eclipse.linuxtools/oprofile/trunk/org.eclipse.linuxtools.oprofile.ui.tests
feature@org.eclipse.linuxtools.oprofile=SVN,,http://dev.eclipse.org/svnroot/technology,,org.eclipse.linuxtools/oprofile/trunk/org.eclipse.linuxtools.oprofile-feature

!*** valgrind
plugin@org.eclipse.linuxtools.valgrind.cachegrind=SVN,,http://dev.eclipse.org/svnroot/technology,,org.eclipse.linuxtools/valgrind/trunk/org.eclipse.linuxtools.valgrind.cachegrind
plugin@org.eclipse.linuxtools.valgrind.cachegrind.tests=SVN,,http://dev.eclipse.org/svnroot/technology,,org.eclipse.linuxtools/valgrind/trunk/org.eclipse.linuxtools.valgrind.cachegrind.tests
plugin@org.eclipse.linuxtools.valgrind.core=SVN,,http://dev.eclipse.org/svnroot/technology,,org.eclipse.linuxtools/valgrind/trunk/org.eclipse.linuxtools.valgrind.core
plugin@org.eclipse.linuxtools.valgrind.doc=SVN,,http://dev.eclipse.org/svnroot/technology,,org.eclipse.linuxtools/valgrind/trunk/org.eclipse.linuxtools.valgrind.doc
plugin@org.eclipse.linuxtools.valgrind.history=SVN,,http://dev.eclipse.org/svnroot/technology,,org.eclipse.linuxtools/valgrind/trunk/org.eclipse.linuxtools.valgrind.history
plugin@org.eclipse.linuxtools.valgrind.launch=SVN,,http://dev.eclipse.org/svnroot/technology,,org.eclipse.linuxtools/valgrind/trunk/org.eclipse.linuxtools.valgrind.launch
plugin@org.eclipse.linuxtools.valgrind.massif=SVN,,http://dev.eclipse.org/svnroot/technology,,org.eclipse.linuxtools/valgrind/trunk/org.eclipse.linuxtools.valgrind.massif
plugin@org.eclipse.linuxtools.valgrind.massif.tests=SVN,,http://dev.eclipse.org/svnroot/technology,,org.eclipse.linuxtools/valgrind/trunk/org.eclipse.linuxtools.valgrind.massif.tests
plugin@org.eclipse.linuxtools.valgrind.memcheck=SVN,,http://dev.eclipse.org/svnroot/technology,,org.eclipse.linuxtools/valgrind/trunk/org.eclipse.linuxtools.valgrind.memcheck
plugin@org.eclipse.linuxtools.valgrind.memcheck.tests=SVN,,http://dev.eclipse.org/svnroot/technology,,org.eclipse.linuxtools/valgrind/trunk/org.eclipse.linuxtools.valgrind.memcheck.tests
plugin@org.eclipse.linuxtools.valgrind.tests=SVN,,http://dev.eclipse.org/svnroot/technology,,org.eclipse.linuxtools/valgrind/trunk/org.eclipse.linuxtools.valgrind.tests
plugin@org.eclipse.linuxtools.valgrind.ui=SVN,,http://dev.eclipse.org/svnroot/technology,,org.eclipse.linuxtools/valgrind/trunk/org.eclipse.linuxtools.valgrind.ui
feature@org.eclipse.linuxtools.valgrind=SVN,,http://dev.eclipse.org/svnroot/technology,,org.eclipse.linuxtools/valgrind/trunk/org.eclipse.linuxtools.valgrind-feature
feature@org.eclipse.linuxtools.valgrind.test=SVN,,http://dev.eclipse.org/svnroot/technology,,org.eclipse.linuxtools/valgrind/trunk/org.eclipse.linuxtools.valgrind.test-feature

feature@org.eclipse.linuxtools.all=SVN,,http://dev.eclipse.org/svnroot/technology,,org.eclipse.linuxtools/releng/trunk/org.eclipse.linuxtools.all
feature@org.eclipse.linuxtools.test=SVN,,http://dev.eclipse.org/svnroot/technology,,org.eclipse.linuxtools/releng/trunk/org.eclipse.linuxtools.test-feature
plugin@org.eclipse.linuxtools.tests=SVN,,http://dev.eclipse.org/svnroot/technology,,org.eclipse.linuxtools/releng/trunk/org.eclipse.linuxtools.tests

!*** used for tests
plugin@org.eclipse.test=v20080313,:pserver:anonymous@dev.eclipse.org:/cvsroot/eclipse,
fragment@org.eclipse.ant.optional.junit=v20070202,:pserver:anonymous@dev.eclipse.org:/cvsroot/eclipse,
