Parse gcda and gcno files done, resolve graph algorithm executed, now display results
- PRINT FUNCTIONS ARRAY : 
-- FUNCTION 0
     name = _ZN1F4factC2Ev
     instrumentd lines = 1
     executed lines = 0
-- FUNCTION 1
     name = _ZN1F4factC1Ev
     instrumentd lines = 0
     executed lines = 1
-- FUNCTION 2
     name = _ZN1F4factD2Ev
     instrumentd lines = 1
     executed lines = 0
-- FUNCTION 3
     name = _ZN1F4factD1Ev
     instrumentd lines = 0
     executed lines = 1
-- FUNCTION 4
     name = _ZN1F4fact1fEl
     instrumentd lines = 5
     executed lines = 5
-- FUNCTION 5
     name = _ZStorSt12_Ios_IostateS_
     instrumentd lines = 2
     executed lines = 0
-- FUNCTION 6
     name = _ZNSolsEPFRSoS_E
     instrumentd lines = 2
     executed lines = 0
-- FUNCTION 7
     name = _ZNKSt9basic_iosIcSt11char_traitsIcEE7rdstateEv
     instrumentd lines = 2
     executed lines = 0
-- FUNCTION 8
     name = _Z41__static_initialization_and_destruction_0ii
     instrumentd lines = 2
     executed lines = 2
-- FUNCTION 9
     name = _GLOBAL__I_main
     instrumentd lines = 0
     executed lines = 0
-- FUNCTION 10
     name = _ZNSt9basic_iosIcSt11char_traitsIcEE8setstateESt12_Ios_Iostate
     instrumentd lines = 2
     executed lines = 0
-- FUNCTION 11
     name = _ZNSt11char_traitsIcE6lengthEPKc
     instrumentd lines = 2
     executed lines = 0
-- FUNCTION 12
     name = _ZStlsISt11char_traitsIcEERSt13basic_ostreamIcT_ES5_PKc
     instrumentd lines = 5
     executed lines = 0
-- FUNCTION 13
     name = _ZNSolsEm
     instrumentd lines = 2
     executed lines = 0
-- FUNCTION 14
     name = main
     instrumentd lines = 8
     executed lines = 8
-- FUNCTION 15
     name = _ZSt13__check_facetISt5ctypeIcEERKT_PS3_
     instrumentd lines = 4
     executed lines = 0
-- FUNCTION 16
     name = _ZNKSt5ctypeIcE5widenEc
     instrumentd lines = 5
     executed lines = 0
-- FUNCTION 17
     name = _ZNKSt9basic_iosIcSt11char_traitsIcEE5widenEc
     instrumentd lines = 2
     executed lines = 0
-- FUNCTION 18
     name = _ZSt5flushIcSt11char_traitsIcEERSt13basic_ostreamIT_T0_ES6_
     instrumentd lines = 2
     executed lines = 0
-- FUNCTION 19
     name = _ZSt4endlIcSt11char_traitsIcEERSt13basic_ostreamIT_T0_ES6_
     instrumentd lines = 2
     executed lines = 0
-- FUNCTION 20
     name = _ZN1M4multC2Ev
     instrumentd lines = 1
     executed lines = 0
-- FUNCTION 21
     name = _ZN1M4multC1Ev
     instrumentd lines = 0
     executed lines = 1
-- FUNCTION 22
     name = _ZN1M4multD2Ev
     instrumentd lines = 1
     executed lines = 0
-- FUNCTION 23
     name = _ZN1M4multD1Ev
     instrumentd lines = 0
     executed lines = 1
-- FUNCTION 24
     name = _ZN1M4mult8multiplyEll
     instrumentd lines = 6
     executed lines = 6
- PRINT SRCS ARRAY : 
-- FILE 0
     name = fact.cpp
     total lines = 27
     instrumentd lines = 7
     executed lines = 7
-- FILE 1
     name = /sw/gnu_compil/gnu/Linux-RH-WS-3/.package/gcc-4.4.1/bin/../lib/gcc/i686-pc-linux-gnu/4.4.1/../../../../include/c++/4.4.1/bits/ios_base.h
     total lines = 168
     instrumentd lines = 2
     executed lines = 0
-- FILE 2
     name = /sw/gnu_compil/gnu/Linux-RH-WS-3/.package/gcc-4.4.1/bin/../lib/gcc/i686-pc-linux-gnu/4.4.1/../../../../include/c++/4.4.1/ostream
     total lines = 561
     instrumentd lines = 13
     executed lines = 0
-- FILE 3
     name = /sw/gnu_compil/gnu/Linux-RH-WS-3/.package/gcc-4.4.1/bin/../lib/gcc/i686-pc-linux-gnu/4.4.1/../../../../include/c++/4.4.1/bits/basic_ios.h
     total lines = 441
     instrumentd lines = 10
     executed lines = 0
-- FILE 4
     name = main.cpp
     total lines = 31
     instrumentd lines = 9
     executed lines = 9
-- FILE 5
     name = /sw/gnu_compil/gnu/Linux-RH-WS-3/.package/gcc-4.4.1/bin/../lib/gcc/i686-pc-linux-gnu/4.4.1/../../../../include/c++/4.4.1/iostream
     total lines = 73
     instrumentd lines = 1
     executed lines = 1
-- FILE 6
     name = /sw/gnu_compil/gnu/Linux-RH-WS-3/.package/gcc-4.4.1/bin/../lib/gcc/i686-pc-linux-gnu/4.4.1/../../../../include/c++/4.4.1/bits/char_traits.h
     total lines = 264
     instrumentd lines = 2
     executed lines = 0
-- FILE 7
     name = /sw/gnu_compil/gnu/Linux-RH-WS-3/.package/gcc-4.4.1/bin/../lib/gcc/i686-pc-linux-gnu/4.4.1/../../../../include/c++/4.4.1/bits/locale_facets.h
     total lines = 871
     instrumentd lines = 5
     executed lines = 0
-- FILE 8
     name = mult.cpp
     total lines = 28
     instrumentd lines = 8
     executed lines = 8
